{
  "exclude": {
    "files": "nextapp/package-lock.json",
    "lines": null
  },
  "generated_at": "2020-04-30T12:39:13Z",
  "plugins_used": [
    {
      "name": "AWSKeyDetector"
    },
    {
      "name": "ArtifactoryDetector"
    },
    {
      "base64_limit": 4.5,
      "name": "Base64HighEntropyString"
    },
    {
      "name": "BasicAuthDetector"
    },
    {
      "name": "CloudantDetector"
    },
    {
      "hex_limit": 3,
      "name": "HexHighEntropyString"
    },
    {
      "name": "IbmCloudIamDetector"
    },
    {
      "name": "IbmCosHmacDetector"
    },
    {
      "name": "JwtTokenDetector"
    },
    {
      "keyword_exclude": null,
      "name": "KeywordDetector"
    },
    {
      "name": "MailchimpDetector"
    },
    {
      "name": "PrivateKeyDetector"
    },
    {
      "name": "SlackDetector"
    },
    {
      "name": "SoftlayerDetector"
    },
    {
      "name": "StripeDetector"
    },
    {
      "name": "TwilioKeyDetector"
    }
  ],
  "results": {
    "README.md": [
      {
        "hashed_secret": "7e6e31cf49468341351e3bb07fe1e17b11fdcc20",
        "is_secret": false,
        "is_verified": false,
        "line_number": 7,
        "type": "Secret Keyword"
      },
      {
        "hashed_secret": "c230a7892248c4c25d107684a1eae0cbed88bb1a",
        "is_secret": false,
        "is_verified": false,
        "line_number": 8,
        "type": "Secret Keyword"
      },
      {
        "hashed_secret": "9de8ffafcde513fa5171292c68b0a3fe707f66c9",
        "is_secret": false,
        "is_verified": false,
        "line_number": 36,
        "type": "Secret Keyword"
      }
    ],
    "env.sample": [
      {
        "hashed_secret": "7e6e31cf49468341351e3bb07fe1e17b11fdcc20",
        "is_secret": false,
        "is_verified": false,
        "line_number": 13,
        "type": "Secret Keyword"
      },
      {
        "hashed_secret": "97e5d39690568f37a5991911085891f73ee44eac",
        "is_secret": false,
        "is_verified": false,
        "line_number": 15,
        "type": "Secret Keyword"
      }
    ],
    "now.json": [
      {
        "hashed_secret": "65d0436d9c8c68e27bd8deb7d94a5ce7f3cdc0ac",
        "is_secret": false,
        "is_verified": false,
        "line_number": 6,
        "type": "Secret Keyword"
      },
      {
        "hashed_secret": "c705dea44cd9dad9dfb0343a55098a99508b0290",
        "is_secret": false,
        "is_verified": false,
        "line_number": 14,
        "type": "Secret Keyword"
      },
      {
        "hashed_secret": "c9cb795d0351a07665897fb69c498056b598444a",
        "is_secret": false,
        "is_verified": false,
        "line_number": 18,
        "type": "Secret Keyword"
      }
    ]
  },
  "version": "0.13.1",
  "word_list": {
    "file": null,
    "hash": null
  }
}
